// Jest Snapshot v1, https://goo.gl/fbAQLP

exports[`<Main /> should render the heading 1`] = `
<main
  class="styles__Wrapper-sc-dzx1ao-0 kqbSjW"
>
  <img
    alt="Imagem de um átomo e React avançado escrito ao lado "
    class="styles__Logo-sc-dzx1ao-1 kupODZ"
    src="/img/logo.svg"
  />
  <h1
    class="styles__Title-sc-dzx1ao-2 hrVWpn"
  >
    React avançado
     
  </h1>
  <h2
    class="styles__Description-sc-dzx1ao-3 cCzsOU"
  >
    TypeScript, ReactJS, NextJS e Styled Components
  </h2>
  <img
    alt="Um desenvolvedor de frente para uma tla com código"
    class="styles__Illustration-sc-dzx1ao-4 ffptcN"
    src="/img/hero-illustration.svg"
  />
</main>
`;
